============================= test session starts =============================
platform win32 -- Python 3.12.4, pytest-7.4.2, pluggy-1.5.0 -- C:\Users\Jay\AppData\Local\Programs\Python\Python312\python.exe
cachedir: .pytest_cache
rootdir: C:\Users\Jay\Documents\Github\invoice-automator
plugins: anyio-4.6.2.post1, baml-0.19.1, Faker-37.4.0, asyncio-0.21.2, cov-4.1.0, mock-3.14.1, typeguard-4.4.2
asyncio: mode=Mode.STRICT
collecting ... collected 2 items

backend/tests/test_ap_view.py::test_post_to_pos FAILED                   [ 50%]
backend/tests/test_ap_view.py::test_category_summary FAILED              [100%]

================================== FAILURES ===================================
______________________________ test_post_to_pos _______________________________

client = <starlette.testclient.TestClient object at 0x0000020CDBC87140>
db_session = <sqlalchemy.orm.session.Session object at 0x0000020CDBC87980>

    def test_post_to_pos(client, db_session):
        # Create an invoice
        inv_id = str(uuid.uuid4())
        db_invoice = models.Invoice(
            id=inv_id,
            organization_id="dev-org",
            invoice_number="INV-123",
            vendor_name="Test Vendor",
            date="2024-01-01",
            status="approved",
            is_posted=False,
            total_amount=100.0,
            tax_amount=5.0
        )
        db_session.add(db_invoice)
        db_session.commit()
    
        # Call endpoint (patch)
        response = client.patch(f"/api/invoices/{inv_id}/post")
    
        assert response.status_code == 200
>       assert response.json()["is_posted"] is True
E       KeyError: 'is_posted'

backend\tests\test_ap_view.py:26: KeyError
---------------------------- Captured stdout call -----------------------------
AUTH: Dev Mode Bypass (DISABLE_AUTH=true). Context: dev@example.com / dev-org
____________________________ test_category_summary ____________________________

client = <starlette.testclient.TestClient object at 0x0000020CDBC87140>
db_session = <sqlalchemy.orm.session.Session object at 0x0000020CDBC87980>

    def test_category_summary(client, db_session):
        # Create an approved and posted invoice with line items
        inv_id = str(uuid.uuid4())
        db_invoice = models.Invoice(
            id=inv_id,
            organization_id="dev-org",
            invoice_number="INV-456",
            vendor_name="Test Vendor",
            date="2024-01-15",
            status="approved",
            is_posted=True,
            total_amount=150.0,
            tax_amount=10.0,
            deposit_amount=2.0
        )
        db_session.add(db_invoice)
    
        item1 = models.LineItem(
            id=str(uuid.uuid4()),
            invoice_id=inv_id,
            description="Beer Item",
            amount=100.0,
            category_gl_code="BEER"
        )
        item2 = models.LineItem(
            id=str(uuid.uuid4()),
            invoice_id=inv_id,
            description="Wine Item",
            amount=38.0,
            category_gl_code="WINE"
        )
        db_session.add(item1)
        db_session.add(item2)
        db_session.commit()
    
        # Call summary endpoint
        response = client.get("/api/invoices/stats/category-summary?month=2024-01")
    
        assert response.status_code == 200
        data = response.json()
>       assert data["invoice_count"] == 1
E       assert 2 == 1

backend\tests\test_ap_view.py:72: AssertionError
---------------------------- Captured stdout call -----------------------------
AUTH: Dev Mode Bypass (DISABLE_AUTH=true). Context: dev@example.com / dev-org
============================== warnings summary ===============================
backend\database.py:75
  C:\Users\Jay\Documents\Github\invoice-automator\backend\database.py:75: MovedIn20Warning: The ``declarative_base()`` function is now available as sqlalchemy.orm.declarative_base(). (deprecated since: 2.0) (Background on SQLAlchemy 2.0 at: https://sqlalche.me/e/b8d9)
    Base = declarative_base()

<frozen importlib._bootstrap>:488
<frozen importlib._bootstrap>:488
  <frozen importlib._bootstrap>:488: DeprecationWarning: builtin type SwigPyPacked has no __module__ attribute

<frozen importlib._bootstrap>:488
<frozen importlib._bootstrap>:488
  <frozen importlib._bootstrap>:488: DeprecationWarning: builtin type SwigPyObject has no __module__ attribute

<frozen importlib._bootstrap>:488
  <frozen importlib._bootstrap>:488: DeprecationWarning: builtin type swigvarlink has no __module__ attribute

backend\schemas.py:62
  C:\Users\Jay\Documents\Github\invoice-automator\backend\schemas.py:62: PydanticDeprecatedSince20: Pydantic V1 style `@validator` validators are deprecated. You should migrate to Pydantic V2 style `@field_validator` validators, see the migration guide for more details. Deprecated in Pydantic V2.0 to be removed in V3.0. See Pydantic V2 Migration Guide at https://errors.pydantic.dev/2.9/migration/
    @validator('invoice_number', 'vendor_name', pre=True, check_fields=False)

..\..\..\AppData\Local\Programs\Python\Python312\Lib\site-packages\pydantic\_internal\_config.py:291
  C:\Users\Jay\AppData\Local\Programs\Python\Python312\Lib\site-packages\pydantic\_internal\_config.py:291: PydanticDeprecatedSince20: Support for class-based `config` is deprecated, use ConfigDict instead. Deprecated in Pydantic V2.0 to be removed in V3.0. See Pydantic V2 Migration Guide at https://errors.pydantic.dev/2.9/migration/
    warnings.warn(DEPRECATION_MESSAGE, DeprecationWarning)

..\..\..\AppData\Local\Programs\Python\Python312\Lib\site-packages\invoice2data\extract\loader.py:14
  C:\Users\Jay\AppData\Local\Programs\Python\Python312\Lib\site-packages\invoice2data\extract\loader.py:14: DeprecationWarning: pkg_resources is deprecated as an API. See https://setuptools.pypa.io/en/latest/pkg_resources.html
    import pkg_resources

..\..\..\AppData\Local\Programs\Python\Python312\Lib\site-packages\pkg_resources\__init__.py:2871
..\..\..\AppData\Local\Programs\Python\Python312\Lib\site-packages\pkg_resources\__init__.py:2871
  C:\Users\Jay\AppData\Local\Programs\Python\Python312\Lib\site-packages\pkg_resources\__init__.py:2871: DeprecationWarning: Deprecated call to `pkg_resources.declare_namespace('google')`.
  Implementing implicit namespace packages (as specified in PEP 420) is preferred to `pkg_resources.declare_namespace`. See https://setuptools.pypa.io/en/latest/references/keywords.html#keyword-namespace-packages
    declare_namespace(pkg)

..\..\..\AppData\Local\Programs\Python\Python312\Lib\site-packages\pkg_resources\__init__.py:2871
  C:\Users\Jay\AppData\Local\Programs\Python\Python312\Lib\site-packages\pkg_resources\__init__.py:2871: DeprecationWarning: Deprecated call to `pkg_resources.declare_namespace('google.cloud')`.
  Implementing implicit namespace packages (as specified in PEP 420) is preferred to `pkg_resources.declare_namespace`. See https://setuptools.pypa.io/en/latest/references/keywords.html#keyword-namespace-packages
    declare_namespace(pkg)

..\..\..\AppData\Local\Programs\Python\Python312\Lib\site-packages\pkg_resources\__init__.py:2350
  C:\Users\Jay\AppData\Local\Programs\Python\Python312\Lib\site-packages\pkg_resources\__init__.py:2350: DeprecationWarning: Deprecated call to `pkg_resources.declare_namespace('google')`.
  Implementing implicit namespace packages (as specified in PEP 420) is preferred to `pkg_resources.declare_namespace`. See https://setuptools.pypa.io/en/latest/references/keywords.html#keyword-namespace-packages
    declare_namespace(parent)

..\..\..\AppData\Local\Programs\Python\Python312\Lib\site-packages\pkg_resources\__init__.py:2871
  C:\Users\Jay\AppData\Local\Programs\Python\Python312\Lib\site-packages\pkg_resources\__init__.py:2871: DeprecationWarning: Deprecated call to `pkg_resources.declare_namespace('node')`.
  Implementing implicit namespace packages (as specified in PEP 420) is preferred to `pkg_resources.declare_namespace`. See https://setuptools.pypa.io/en/latest/references/keywords.html#keyword-namespace-packages
    declare_namespace(pkg)

..\..\..\AppData\Local\Programs\Python\Python312\Lib\site-packages\pkg_resources\__init__.py:2871
..\..\..\AppData\Local\Programs\Python\Python312\Lib\site-packages\pkg_resources\__init__.py:2871
..\..\..\AppData\Local\Programs\Python\Python312\Lib\site-packages\pkg_resources\__init__.py:2871
..\..\..\AppData\Local\Programs\Python\Python312\Lib\site-packages\pkg_resources\__init__.py:2871
..\..\..\AppData\Local\Programs\Python\Python312\Lib\site-packages\pkg_resources\__init__.py:2871
..\..\..\AppData\Local\Programs\Python\Python312\Lib\site-packages\pkg_resources\__init__.py:2871
..\..\..\AppData\Local\Programs\Python\Python312\Lib\site-packages\pkg_resources\__init__.py:2871
..\..\..\AppData\Local\Programs\Python\Python312\Lib\site-packages\pkg_resources\__init__.py:2871
  C:\Users\Jay\AppData\Local\Programs\Python\Python312\Lib\site-packages\pkg_resources\__init__.py:2871: DeprecationWarning: Deprecated call to `pkg_resources.declare_namespace('zope')`.
  Implementing implicit namespace packages (as specified in PEP 420) is preferred to `pkg_resources.declare_namespace`. See https://setuptools.pypa.io/en/latest/references/keywords.html#keyword-namespace-packages
    declare_namespace(pkg)

backend/tests/test_ap_view.py::test_post_to_pos
backend/tests/test_ap_view.py::test_category_summary
  C:\Users\Jay\AppData\Local\Programs\Python\Python312\Lib\site-packages\sqlalchemy\sql\schema.py:3577: DeprecationWarning: datetime.datetime.utcnow() is deprecated and scheduled for removal in a future version. Use timezone-aware objects to represent datetimes in UTC: datetime.datetime.now(datetime.UTC).
    return util.wrap_callable(lambda ctx: fn(), fn)  # type: ignore

-- Docs: https://docs.pytest.org/en/stable/how-to/capture-warnings.html
=========================== short test summary info ===========================
FAILED backend/tests/test_ap_view.py::test_post_to_pos - KeyError: 'is_posted'
FAILED backend/tests/test_ap_view.py::test_category_summary - assert 2 == 1
======================= 2 failed, 24 warnings in 0.56s ========================
pytest : sys:1: DeprecationWarning: builtin type 
swigvarlink has no __module__ attribute
At line:1 char:1
+ pytest -v backend/tests/test_ap_view.py > 
pytest_output.txt 2>&1; Get ...
+ ~~~~~~~~~~~~~~~~~~~~~~~~~~~~~~~~~~~~~~~~~~~~~~~~~~~~~~~~
~~~~~~~~
    + CategoryInfo          : NotSpecified: (sys:1: Depre 
   cat...ule__ attribute:String) [], RemoteException
    + FullyQualifiedErrorId : NativeCommandError
 
