============================= test session starts =============================
platform win32 -- Python 3.12.4, pytest-7.4.2, pluggy-1.5.0 -- C:\Users\Jay\AppData\Local\Programs\Python\Python312\python.exe
cachedir: .pytest_cache
rootdir: C:\Users\Jay\Documents\Github\invoice-automator
plugins: anyio-4.6.2.post1, baml-0.19.1, Faker-37.4.0, asyncio-0.21.2, cov-4.1.0, mock-3.14.1, typeguard-4.4.2
asyncio: mode=Mode.STRICT
collecting ... collected 2 items

backend/tests/test_liquor_workflow.py::test_liquor_workflow FAILED       [ 50%]
backend/tests/test_liquor_workflow.py::test_validation_math_error PASSED [100%]

================================== FAILURES ===================================
____________________________ test_liquor_workflow _____________________________

client = <starlette.testclient.TestClient object at 0x000001FCD11C3170>
mock_external_services = <MagicMock name='extract_invoice_data' id='2186008312816'>

    def test_liquor_workflow(client, mock_external_services):
        # 1. Upload Invoice
        file_content = b"fake pdf content"
        files = {"file": ("invoice.pdf", file_content, "application/pdf")}
    
        response = client.post("/api/invoices/upload", files=files)
        assert response.status_code == 200
        invoice = response.json()
    
>       assert invoice["vendor_name"] == "Test Liquor Vendor"
E       KeyError: 'vendor_name'

backend\tests\test_liquor_workflow.py:47: KeyError
---------------------------- Captured stdout call -----------------------------
AUTH: Dev Mode Bypass (DISABLE_AUTH=true). Context: dev@example.com / dev-org
UPLOAD REQUEST: User=dev-user, Org=dev-org
Saving temp file to: /tmp/c0845bd0-72ca-40db-a56f-05b9a92c3096.pdf
File saved. Size: 16 bytes
Uploading to S3: invoices/dev-org/c0845bd0-72ca-40db-a56f-05b9a92c3096.pdf
Starting PDF parsing...
PDF parsing complete.
Created new vendor: Test Liquor Vendor (org: dev-org)
Vendor: Test Liquor Vendor (ID: 7c58aeda-b6b3-4156-a7c6-8678f7c890a3)
Supabase lookup failed for SKU 12345: supabase_url is required
DATABASE: Saving 1 line items for invoice c0845bd0-72ca-40db-a56f-05b9a92c3096
SUCCESS: Invoice c0845bd0-72ca-40db-a56f-05b9a92c3096 saved with 1 line items
DEBUG: Generating presigned URL for: invoices/dev-org/c0845bd0-72ca-40db-a56f-05b9a92c3096.pdf
DEBUG: Bucket: None, Region: us-east-1
ERROR: Unexpected error generating presigned URL: expected string or bytes-like object, got 'NoneType'
============================== warnings summary ===============================
backend\database.py:78
  C:\Users\Jay\Documents\Github\invoice-automator\backend\database.py:78: MovedIn20Warning: The ``declarative_base()`` function is now available as sqlalchemy.orm.declarative_base(). (deprecated since: 2.0) (Background on SQLAlchemy 2.0 at: https://sqlalche.me/e/b8d9)
    Base = declarative_base()

<frozen importlib._bootstrap>:488
<frozen importlib._bootstrap>:488
  <frozen importlib._bootstrap>:488: DeprecationWarning: builtin type SwigPyPacked has no __module__ attribute

<frozen importlib._bootstrap>:488
<frozen importlib._bootstrap>:488
  <frozen importlib._bootstrap>:488: DeprecationWarning: builtin type SwigPyObject has no __module__ attribute

<frozen importlib._bootstrap>:488
  <frozen importlib._bootstrap>:488: DeprecationWarning: builtin type swigvarlink has no __module__ attribute

backend\schemas.py:61
  C:\Users\Jay\Documents\Github\invoice-automator\backend\schemas.py:61: PydanticDeprecatedSince20: Pydantic V1 style `@validator` validators are deprecated. You should migrate to Pydantic V2 style `@field_validator` validators, see the migration guide for more details. Deprecated in Pydantic V2.0 to be removed in V3.0. See Pydantic V2 Migration Guide at https://errors.pydantic.dev/2.9/migration/
    @validator('invoice_number', 'vendor_name', pre=True, check_fields=False)

..\..\..\AppData\Local\Programs\Python\Python312\Lib\site-packages\pydantic\_internal\_config.py:291
  C:\Users\Jay\AppData\Local\Programs\Python\Python312\Lib\site-packages\pydantic\_internal\_config.py:291: PydanticDeprecatedSince20: Support for class-based `config` is deprecated, use ConfigDict instead. Deprecated in Pydantic V2.0 to be removed in V3.0. See Pydantic V2 Migration Guide at https://errors.pydantic.dev/2.9/migration/
    warnings.warn(DEPRECATION_MESSAGE, DeprecationWarning)

..\..\..\AppData\Local\Programs\Python\Python312\Lib\site-packages\invoice2data\extract\loader.py:14
  C:\Users\Jay\AppData\Local\Programs\Python\Python312\Lib\site-packages\invoice2data\extract\loader.py:14: DeprecationWarning: pkg_resources is deprecated as an API. See https://setuptools.pypa.io/en/latest/pkg_resources.html
    import pkg_resources

..\..\..\AppData\Local\Programs\Python\Python312\Lib\site-packages\pkg_resources\__init__.py:2871
..\..\..\AppData\Local\Programs\Python\Python312\Lib\site-packages\pkg_resources\__init__.py:2871
  C:\Users\Jay\AppData\Local\Programs\Python\Python312\Lib\site-packages\pkg_resources\__init__.py:2871: DeprecationWarning: Deprecated call to `pkg_resources.declare_namespace('google')`.
  Implementing implicit namespace packages (as specified in PEP 420) is preferred to `pkg_resources.declare_namespace`. See https://setuptools.pypa.io/en/latest/references/keywords.html#keyword-namespace-packages
    declare_namespace(pkg)

..\..\..\AppData\Local\Programs\Python\Python312\Lib\site-packages\pkg_resources\__init__.py:2871
  C:\Users\Jay\AppData\Local\Programs\Python\Python312\Lib\site-packages\pkg_resources\__init__.py:2871: DeprecationWarning: Deprecated call to `pkg_resources.declare_namespace('google.cloud')`.
  Implementing implicit namespace packages (as specified in PEP 420) is preferred to `pkg_resources.declare_namespace`. See https://setuptools.pypa.io/en/latest/references/keywords.html#keyword-namespace-packages
    declare_namespace(pkg)

..\..\..\AppData\Local\Programs\Python\Python312\Lib\site-packages\pkg_resources\__init__.py:2350
  C:\Users\Jay\AppData\Local\Programs\Python\Python312\Lib\site-packages\pkg_resources\__init__.py:2350: DeprecationWarning: Deprecated call to `pkg_resources.declare_namespace('google')`.
  Implementing implicit namespace packages (as specified in PEP 420) is preferred to `pkg_resources.declare_namespace`. See https://setuptools.pypa.io/en/latest/references/keywords.html#keyword-namespace-packages
    declare_namespace(parent)

..\..\..\AppData\Local\Programs\Python\Python312\Lib\site-packages\pkg_resources\__init__.py:2871
  C:\Users\Jay\AppData\Local\Programs\Python\Python312\Lib\site-packages\pkg_resources\__init__.py:2871: DeprecationWarning: Deprecated call to `pkg_resources.declare_namespace('node')`.
  Implementing implicit namespace packages (as specified in PEP 420) is preferred to `pkg_resources.declare_namespace`. See https://setuptools.pypa.io/en/latest/references/keywords.html#keyword-namespace-packages
    declare_namespace(pkg)

..\..\..\AppData\Local\Programs\Python\Python312\Lib\site-packages\pkg_resources\__init__.py:2871
..\..\..\AppData\Local\Programs\Python\Python312\Lib\site-packages\pkg_resources\__init__.py:2871
..\..\..\AppData\Local\Programs\Python\Python312\Lib\site-packages\pkg_resources\__init__.py:2871
..\..\..\AppData\Local\Programs\Python\Python312\Lib\site-packages\pkg_resources\__init__.py:2871
..\..\..\AppData\Local\Programs\Python\Python312\Lib\site-packages\pkg_resources\__init__.py:2871
..\..\..\AppData\Local\Programs\Python\Python312\Lib\site-packages\pkg_resources\__init__.py:2871
..\..\..\AppData\Local\Programs\Python\Python312\Lib\site-packages\pkg_resources\__init__.py:2871
..\..\..\AppData\Local\Programs\Python\Python312\Lib\site-packages\pkg_resources\__init__.py:2871
  C:\Users\Jay\AppData\Local\Programs\Python\Python312\Lib\site-packages\pkg_resources\__init__.py:2871: DeprecationWarning: Deprecated call to `pkg_resources.declare_namespace('zope')`.
  Implementing implicit namespace packages (as specified in PEP 420) is preferred to `pkg_resources.declare_namespace`. See https://setuptools.pypa.io/en/latest/references/keywords.html#keyword-namespace-packages
    declare_namespace(pkg)

backend/tests/test_liquor_workflow.py::test_liquor_workflow
backend/tests/test_liquor_workflow.py::test_liquor_workflow
backend/tests/test_liquor_workflow.py::test_liquor_workflow
backend/tests/test_liquor_workflow.py::test_validation_math_error
  C:\Users\Jay\AppData\Local\Programs\Python\Python312\Lib\site-packages\sqlalchemy\sql\schema.py:3577: DeprecationWarning: datetime.datetime.utcnow() is deprecated and scheduled for removal in a future version. Use timezone-aware objects to represent datetimes in UTC: datetime.datetime.now(datetime.UTC).
    return util.wrap_callable(lambda ctx: fn(), fn)  # type: ignore

-- Docs: https://docs.pytest.org/en/stable/how-to/capture-warnings.html
=========================== short test summary info ===========================
FAILED backend/tests/test_liquor_workflow.py::test_liquor_workflow - KeyError...
================== 1 failed, 1 passed, 26 warnings in 2.10s ===================
pytest : sys:1: DeprecationWarning: builtin type 
swigvarlink has no __module__ attribute
At line:1 char:1
+ pytest -v backend/tests/test_liquor_workflow.py > 
test_output.txt 2>& ...
+ ~~~~~~~~~~~~~~~~~~~~~~~~~~~~~~~~~~~~~~~~~~~~~~~~~~~~~~~~~~
~~~~~~~~~~~
    + CategoryInfo          : NotSpecified: (sys:1: Depreca 
   t...ule__ attribute:String) [], RemoteException
    + FullyQualifiedErrorId : NativeCommandError
 
